MPLINK 5.08, LINKER
Linker Map File - Created Wed Nov 17 11:51:58 2021

                                 Section Info
                  Section       Type    Address   Location Size(Bytes)
                ---------  ---------  ---------  ---------  ---------
                   .org_0       code   0x000000    program   0x000002
                   .cinit    romdata   0x000001    program   0x000004
                   .org_1       code   0x000004    program   0x000138
.config_2007_BUILD/DEFAULT/DEBUG/PISCA.O       code   0x002007    program   0x000002



                              Program Memory Usage 
                               Start         End      
                           ---------   ---------      
                            0x000000    0x000002      
                            0x000004    0x00009f      
                            0x002007    0x002007      
            160 out of 1158 program addresses used, program memory utilization is 13%



                              Symbols - Sorted by Name
                     Name    Address   Location    Storage File                     
                ---------  ---------  ---------  --------- ---------                
                   ALERTA   0x000009    program     static C:\Users\steni\Documents\Nova Pasta (3)\ATIVIDADE4.X\Pisca.ASM
               ALERTA_INT   0x00009b    program     static C:\Users\steni\Documents\Nova Pasta (3)\ATIVIDADE4.X\Pisca.ASM
             CONTAGP0_OFF   0x000036    program     static C:\Users\steni\Documents\Nova Pasta (3)\ATIVIDADE4.X\Pisca.ASM
              CONTAGP0_ON   0x000023    program     static C:\Users\steni\Documents\Nova Pasta (3)\ATIVIDADE4.X\Pisca.ASM
                 CONTAOFF   0x000066    program     static C:\Users\steni\Documents\Nova Pasta (3)\ATIVIDADE4.X\Pisca.ASM
                  CONTAON   0x000053    program     static C:\Users\steni\Documents\Nova Pasta (3)\ATIVIDADE4.X\Pisca.ASM
                  DESLIGA   0x000062    program     static C:\Users\steni\Documents\Nova Pasta (3)\ATIVIDADE4.X\Pisca.ASM
            DESLIGAGP0_ON   0x000032    program     static C:\Users\steni\Documents\Nova Pasta (3)\ATIVIDADE4.X\Pisca.ASM
                  DIREITA   0x000010    program     static C:\Users\steni\Documents\Nova Pasta (3)\ATIVIDADE4.X\Pisca.ASM
              DIREITA_INT   0x000098    program     static C:\Users\steni\Documents\Nova Pasta (3)\ATIVIDADE4.X\Pisca.ASM
                 ESQUERDA   0x000017    program     static C:\Users\steni\Documents\Nova Pasta (3)\ATIVIDADE4.X\Pisca.ASM
             ESQUERDA_INT   0x000095    program     static C:\Users\steni\Documents\Nova Pasta (3)\ATIVIDADE4.X\Pisca.ASM
                      FIM   0x0000a0    program     static C:\Users\steni\Documents\Nova Pasta (3)\ATIVIDADE4.X\Pisca.ASM
                   INICIO   0x000079    program     static C:\Users\steni\Documents\Nova Pasta (3)\ATIVIDADE4.X\Pisca.ASM
                     MAIN   0x000086    program     static C:\Users\steni\Documents\Nova Pasta (3)\ATIVIDADE4.X\Pisca.ASM
                     OPC1   0x00000c    program     static C:\Users\steni\Documents\Nova Pasta (3)\ATIVIDADE4.X\Pisca.ASM
                     OPC2   0x000013    program     static C:\Users\steni\Documents\Nova Pasta (3)\ATIVIDADE4.X\Pisca.ASM
                     OPC3   0x00001a    program     static C:\Users\steni\Documents\Nova Pasta (3)\ATIVIDADE4.X\Pisca.ASM
               PRIORIDADE   0x00004e    program     static C:\Users\steni\Documents\Nova Pasta (3)\ATIVIDADE4.X\Pisca.ASM
              PRIORIDADE2   0x00001e    program     static C:\Users\steni\Documents\Nova Pasta (3)\ATIVIDADE4.X\Pisca.ASM
                  SAI_INT   0x000049    program     static C:\Users\steni\Documents\Nova Pasta (3)\ATIVIDADE4.X\Pisca.ASM
             TESTEGP0_OFF   0x000039    program     static C:\Users\steni\Documents\Nova Pasta (3)\ATIVIDADE4.X\Pisca.ASM
              TESTEGP0_ON   0x000026    program     static C:\Users\steni\Documents\Nova Pasta (3)\ATIVIDADE4.X\Pisca.ASM
                 TESTEOFF   0x000069    program     static C:\Users\steni\Documents\Nova Pasta (3)\ATIVIDADE4.X\Pisca.ASM
                  TESTEON   0x000056    program     static C:\Users\steni\Documents\Nova Pasta (3)\ATIVIDADE4.X\Pisca.ASM
                     ZERA   0x000075    program     static C:\Users\steni\Documents\Nova Pasta (3)\ATIVIDADE4.X\Pisca.ASM
                  ZERAGP0   0x000047    program     static C:\Users\steni\Documents\Nova Pasta (3)\ATIVIDADE4.X\Pisca.ASM



                              Symbols - Sorted by Address
                     Name    Address   Location    Storage File                     
                ---------  ---------  ---------  --------- ---------                
                   ALERTA   0x000009    program     static C:\Users\steni\Documents\Nova Pasta (3)\ATIVIDADE4.X\Pisca.ASM
                     OPC1   0x00000c    program     static C:\Users\steni\Documents\Nova Pasta (3)\ATIVIDADE4.X\Pisca.ASM
                  DIREITA   0x000010    program     static C:\Users\steni\Documents\Nova Pasta (3)\ATIVIDADE4.X\Pisca.ASM
                     OPC2   0x000013    program     static C:\Users\steni\Documents\Nova Pasta (3)\ATIVIDADE4.X\Pisca.ASM
                 ESQUERDA   0x000017    program     static C:\Users\steni\Documents\Nova Pasta (3)\ATIVIDADE4.X\Pisca.ASM
                     OPC3   0x00001a    program     static C:\Users\steni\Documents\Nova Pasta (3)\ATIVIDADE4.X\Pisca.ASM
              PRIORIDADE2   0x00001e    program     static C:\Users\steni\Documents\Nova Pasta (3)\ATIVIDADE4.X\Pisca.ASM
              CONTAGP0_ON   0x000023    program     static C:\Users\steni\Documents\Nova Pasta (3)\ATIVIDADE4.X\Pisca.ASM
              TESTEGP0_ON   0x000026    program     static C:\Users\steni\Documents\Nova Pasta (3)\ATIVIDADE4.X\Pisca.ASM
            DESLIGAGP0_ON   0x000032    program     static C:\Users\steni\Documents\Nova Pasta (3)\ATIVIDADE4.X\Pisca.ASM
             CONTAGP0_OFF   0x000036    program     static C:\Users\steni\Documents\Nova Pasta (3)\ATIVIDADE4.X\Pisca.ASM
             TESTEGP0_OFF   0x000039    program     static C:\Users\steni\Documents\Nova Pasta (3)\ATIVIDADE4.X\Pisca.ASM
                  ZERAGP0   0x000047    program     static C:\Users\steni\Documents\Nova Pasta (3)\ATIVIDADE4.X\Pisca.ASM
                  SAI_INT   0x000049    program     static C:\Users\steni\Documents\Nova Pasta (3)\ATIVIDADE4.X\Pisca.ASM
               PRIORIDADE   0x00004e    program     static C:\Users\steni\Documents\Nova Pasta (3)\ATIVIDADE4.X\Pisca.ASM
                  CONTAON   0x000053    program     static C:\Users\steni\Documents\Nova Pasta (3)\ATIVIDADE4.X\Pisca.ASM
                  TESTEON   0x000056    program     static C:\Users\steni\Documents\Nova Pasta (3)\ATIVIDADE4.X\Pisca.ASM
                  DESLIGA   0x000062    program     static C:\Users\steni\Documents\Nova Pasta (3)\ATIVIDADE4.X\Pisca.ASM
                 CONTAOFF   0x000066    program     static C:\Users\steni\Documents\Nova Pasta (3)\ATIVIDADE4.X\Pisca.ASM
                 TESTEOFF   0x000069    program     static C:\Users\steni\Documents\Nova Pasta (3)\ATIVIDADE4.X\Pisca.ASM
                     ZERA   0x000075    program     static C:\Users\steni\Documents\Nova Pasta (3)\ATIVIDADE4.X\Pisca.ASM
                   INICIO   0x000079    program     static C:\Users\steni\Documents\Nova Pasta (3)\ATIVIDADE4.X\Pisca.ASM
                     MAIN   0x000086    program     static C:\Users\steni\Documents\Nova Pasta (3)\ATIVIDADE4.X\Pisca.ASM
             ESQUERDA_INT   0x000095    program     static C:\Users\steni\Documents\Nova Pasta (3)\ATIVIDADE4.X\Pisca.ASM
              DIREITA_INT   0x000098    program     static C:\Users\steni\Documents\Nova Pasta (3)\ATIVIDADE4.X\Pisca.ASM
               ALERTA_INT   0x00009b    program     static C:\Users\steni\Documents\Nova Pasta (3)\ATIVIDADE4.X\Pisca.ASM
                      FIM   0x0000a0    program     static C:\Users\steni\Documents\Nova Pasta (3)\ATIVIDADE4.X\Pisca.ASM


