MPLINK 5.08, LINKER
Linker Map File - Created Tue Aug 31 17:40:27 2021

                                 Section Info
                  Section       Type    Address   Location Size(Bytes)
                ---------  ---------  ---------  ---------  ---------
                   .org_0       code   0x000000    program   0x000000
                   .org_1       code   0x000000    program   0x000002
                   .org_2       code   0x000004    program   0x00015e
      .config_2007_MAIN.O       code   0x002007    program   0x000002



                              Program Memory Usage 
                               Start         End      
                           ---------   ---------      
                            0x000000    0x000000      
                            0x000004    0x0000b2      
                            0x002007    0x002007      
            177 out of 1158 program addresses used, program memory utilization is 15%



                              Symbols - Sorted by Name
                     Name    Address   Location    Storage File                     
                ---------  ---------  ---------  --------- ---------                
                ANOCERTO1   0x000091    program     static C:\Users\steni\Documents\Nova Pasta (3)\trab01.X\main.ASM
                DIACERTO1   0x000056    program     static C:\Users\steni\Documents\Nova Pasta (3)\trab01.X\main.ASM
               DIADADATA1   0x0000a6    program     static C:\Users\steni\Documents\Nova Pasta (3)\trab01.X\main.ASM
               DIADADATA2   0x0000a8    program     static C:\Users\steni\Documents\Nova Pasta (3)\trab01.X\main.ASM
               DIADADATA3   0x0000aa    program     static C:\Users\steni\Documents\Nova Pasta (3)\trab01.X\main.ASM
               DIADADATA4   0x0000ac    program     static C:\Users\steni\Documents\Nova Pasta (3)\trab01.X\main.ASM
               DIADADATA5   0x0000ae    program     static C:\Users\steni\Documents\Nova Pasta (3)\trab01.X\main.ASM
                      FIM   0x0000b2    program     static C:\Users\steni\Documents\Nova Pasta (3)\trab01.X\main.ASM
        FORADAESPECIFICAO   0x0000b0    program     static C:\Users\steni\Documents\Nova Pasta (3)\trab01.X\main.ASM
                   INICIO   0x00000d    program     static C:\Users\steni\Documents\Nova Pasta (3)\trab01.X\main.ASM
                     MAIN   0x000018    program     static C:\Users\steni\Documents\Nova Pasta (3)\trab01.X\main.ASM
                MESCERTO1   0x00007c    program     static C:\Users\steni\Documents\Nova Pasta (3)\trab01.X\main.ASM
                MESCERTO2   0x000070    program     static C:\Users\steni\Documents\Nova Pasta (3)\trab01.X\main.ASM
                MESCERTO3   0x000076    program     static C:\Users\steni\Documents\Nova Pasta (3)\trab01.X\main.ASM
                  SAI_INT   0x000007    program     static C:\Users\steni\Documents\Nova Pasta (3)\trab01.X\main.ASM
               SUBROTINA1   0x00000c    program     static C:\Users\steni\Documents\Nova Pasta (3)\trab01.X\main.ASM
            VERIFICAERRO1   0x00002c    program     static C:\Users\steni\Documents\Nova Pasta (3)\trab01.X\main.ASM
            VERIFICAERRO2   0x000037    program     static C:\Users\steni\Documents\Nova Pasta (3)\trab01.X\main.ASM
            VERIFICAERRO3   0x000042    program     static C:\Users\steni\Documents\Nova Pasta (3)\trab01.X\main.ASM
            VERIFICAERRO4   0x000048    program     static C:\Users\steni\Documents\Nova Pasta (3)\trab01.X\main.ASM
            VERIFICAERRO5   0x00004c    program     static C:\Users\steni\Documents\Nova Pasta (3)\trab01.X\main.ASM
            VERIFICAERRO6   0x000052    program     static C:\Users\steni\Documents\Nova Pasta (3)\trab01.X\main.ASM



                              Symbols - Sorted by Address
                     Name    Address   Location    Storage File                     
                ---------  ---------  ---------  --------- ---------                
                  SAI_INT   0x000007    program     static C:\Users\steni\Documents\Nova Pasta (3)\trab01.X\main.ASM
               SUBROTINA1   0x00000c    program     static C:\Users\steni\Documents\Nova Pasta (3)\trab01.X\main.ASM
                   INICIO   0x00000d    program     static C:\Users\steni\Documents\Nova Pasta (3)\trab01.X\main.ASM
                     MAIN   0x000018    program     static C:\Users\steni\Documents\Nova Pasta (3)\trab01.X\main.ASM
            VERIFICAERRO1   0x00002c    program     static C:\Users\steni\Documents\Nova Pasta (3)\trab01.X\main.ASM
            VERIFICAERRO2   0x000037    program     static C:\Users\steni\Documents\Nova Pasta (3)\trab01.X\main.ASM
            VERIFICAERRO3   0x000042    program     static C:\Users\steni\Documents\Nova Pasta (3)\trab01.X\main.ASM
            VERIFICAERRO4   0x000048    program     static C:\Users\steni\Documents\Nova Pasta (3)\trab01.X\main.ASM
            VERIFICAERRO5   0x00004c    program     static C:\Users\steni\Documents\Nova Pasta (3)\trab01.X\main.ASM
            VERIFICAERRO6   0x000052    program     static C:\Users\steni\Documents\Nova Pasta (3)\trab01.X\main.ASM
                DIACERTO1   0x000056    program     static C:\Users\steni\Documents\Nova Pasta (3)\trab01.X\main.ASM
                MESCERTO2   0x000070    program     static C:\Users\steni\Documents\Nova Pasta (3)\trab01.X\main.ASM
                MESCERTO3   0x000076    program     static C:\Users\steni\Documents\Nova Pasta (3)\trab01.X\main.ASM
                MESCERTO1   0x00007c    program     static C:\Users\steni\Documents\Nova Pasta (3)\trab01.X\main.ASM
                ANOCERTO1   0x000091    program     static C:\Users\steni\Documents\Nova Pasta (3)\trab01.X\main.ASM
               DIADADATA1   0x0000a6    program     static C:\Users\steni\Documents\Nova Pasta (3)\trab01.X\main.ASM
               DIADADATA2   0x0000a8    program     static C:\Users\steni\Documents\Nova Pasta (3)\trab01.X\main.ASM
               DIADADATA3   0x0000aa    program     static C:\Users\steni\Documents\Nova Pasta (3)\trab01.X\main.ASM
               DIADADATA4   0x0000ac    program     static C:\Users\steni\Documents\Nova Pasta (3)\trab01.X\main.ASM
               DIADADATA5   0x0000ae    program     static C:\Users\steni\Documents\Nova Pasta (3)\trab01.X\main.ASM
        FORADAESPECIFICAO   0x0000b0    program     static C:\Users\steni\Documents\Nova Pasta (3)\trab01.X\main.ASM
                      FIM   0x0000b2    program     static C:\Users\steni\Documents\Nova Pasta (3)\trab01.X\main.ASM


