MPLINK 5.08, LINKER
Linker Map File - Created Thu Nov 11 13:08:10 2021

                                 Section Info
                  Section       Type    Address   Location Size(Bytes)
                ---------  ---------  ---------  ---------  ---------
                   .org_0       code   0x000000    program   0x000000
                   .org_1       code   0x000000    program   0x000002
                   .org_2       code   0x000004    program   0x0000a0
   .config_2007_MEDIDOR.O       code   0x002007    program   0x000002



                              Program Memory Usage 
                               Start         End      
                           ---------   ---------      
                            0x000000    0x000000      
                            0x000004    0x000053      
                            0x002007    0x002007      
            82 out of 1158 program addresses used, program memory utilization is 7%



                              Symbols - Sorted by Name
                     Name    Address   Location    Storage File                     
                ---------  ---------  ---------  --------- ---------                
                CONVERSOR   0x000043    program     static C:\Users\steni\Documents\Nova Pasta (3)\ATIVIDADE8.X\medidor.ASM
                    DORME   0x00003f    program     static C:\Users\steni\Documents\Nova Pasta (3)\ATIVIDADE8.X\medidor.ASM
                      FIM   0x000054    program     static C:\Users\steni\Documents\Nova Pasta (3)\ATIVIDADE8.X\medidor.ASM
           FORAINTERVALO1   0x000047    program     static C:\Users\steni\Documents\Nova Pasta (3)\ATIVIDADE8.X\medidor.ASM
                   INICIO   0x000027    program     static C:\Users\steni\Documents\Nova Pasta (3)\ATIVIDADE8.X\medidor.ASM
                    LIGA1   0x00001b    program     static C:\Users\steni\Documents\Nova Pasta (3)\ATIVIDADE8.X\medidor.ASM
                    LIGA2   0x00001e    program     static C:\Users\steni\Documents\Nova Pasta (3)\ATIVIDADE8.X\medidor.ASM
                    LIGA4   0x000021    program     static C:\Users\steni\Documents\Nova Pasta (3)\ATIVIDADE8.X\medidor.ASM
                    LIGA5   0x000024    program     static C:\Users\steni\Documents\Nova Pasta (3)\ATIVIDADE8.X\medidor.ASM
                  SAI_INT   0x000007    program     static C:\Users\steni\Documents\Nova Pasta (3)\ATIVIDADE8.X\medidor.ASM
            TRATA_SINALC1   0x00000c    program     static C:\Users\steni\Documents\Nova Pasta (3)\ATIVIDADE8.X\medidor.ASM
            TRATA_SINALC3   0x000016    program     static C:\Users\steni\Documents\Nova Pasta (3)\ATIVIDADE8.X\medidor.ASM
            TRATA_SINALC4   0x000011    program     static C:\Users\steni\Documents\Nova Pasta (3)\ATIVIDADE8.X\medidor.ASM
                VARIAVEIS   0x000039    program     static C:\Users\steni\Documents\Nova Pasta (3)\ATIVIDADE8.X\medidor.ASM



                              Symbols - Sorted by Address
                     Name    Address   Location    Storage File                     
                ---------  ---------  ---------  --------- ---------                
                  SAI_INT   0x000007    program     static C:\Users\steni\Documents\Nova Pasta (3)\ATIVIDADE8.X\medidor.ASM
            TRATA_SINALC1   0x00000c    program     static C:\Users\steni\Documents\Nova Pasta (3)\ATIVIDADE8.X\medidor.ASM
            TRATA_SINALC4   0x000011    program     static C:\Users\steni\Documents\Nova Pasta (3)\ATIVIDADE8.X\medidor.ASM
            TRATA_SINALC3   0x000016    program     static C:\Users\steni\Documents\Nova Pasta (3)\ATIVIDADE8.X\medidor.ASM
                    LIGA1   0x00001b    program     static C:\Users\steni\Documents\Nova Pasta (3)\ATIVIDADE8.X\medidor.ASM
                    LIGA2   0x00001e    program     static C:\Users\steni\Documents\Nova Pasta (3)\ATIVIDADE8.X\medidor.ASM
                    LIGA4   0x000021    program     static C:\Users\steni\Documents\Nova Pasta (3)\ATIVIDADE8.X\medidor.ASM
                    LIGA5   0x000024    program     static C:\Users\steni\Documents\Nova Pasta (3)\ATIVIDADE8.X\medidor.ASM
                   INICIO   0x000027    program     static C:\Users\steni\Documents\Nova Pasta (3)\ATIVIDADE8.X\medidor.ASM
                VARIAVEIS   0x000039    program     static C:\Users\steni\Documents\Nova Pasta (3)\ATIVIDADE8.X\medidor.ASM
                    DORME   0x00003f    program     static C:\Users\steni\Documents\Nova Pasta (3)\ATIVIDADE8.X\medidor.ASM
                CONVERSOR   0x000043    program     static C:\Users\steni\Documents\Nova Pasta (3)\ATIVIDADE8.X\medidor.ASM
           FORAINTERVALO1   0x000047    program     static C:\Users\steni\Documents\Nova Pasta (3)\ATIVIDADE8.X\medidor.ASM
                      FIM   0x000054    program     static C:\Users\steni\Documents\Nova Pasta (3)\ATIVIDADE8.X\medidor.ASM


