MPLINK 5.08, LINKER
Linker Map File - Created Wed Nov 17 11:28:50 2021

                                 Section Info
                  Section       Type    Address   Location Size(Bytes)
                ---------  ---------  ---------  ---------  ---------
                   .org_0       code   0x000000    program   0x000002
                   .cinit    romdata   0x000001    program   0x000004
                   .org_1       code   0x000004    program   0x000052
.config_2007_BUILD/DEFAULT/DEBUG/COMPARADOR.O       code   0x002007    program   0x000002



                              Program Memory Usage 
                               Start         End      
                           ---------   ---------      
                            0x000000    0x000002      
                            0x000004    0x00002c      
                            0x002007    0x002007      
            45 out of 1158 program addresses used, program memory utilization is 3%



                              Symbols - Sorted by Name
                     Name    Address   Location    Storage File                     
                ---------  ---------  ---------  --------- ---------                
                       C1   0x00001e    program     static C:\Users\steni\Documents\Nova Pasta (3)\ATIVIDADE6.X\Comparador.ASM
                       C2   0x000025    program     static C:\Users\steni\Documents\Nova Pasta (3)\ATIVIDADE6.X\Comparador.ASM
                      FIM   0x00002d    program     static C:\Users\steni\Documents\Nova Pasta (3)\ATIVIDADE6.X\Comparador.ASM
                   INICIO   0x00000c    program     static C:\Users\steni\Documents\Nova Pasta (3)\ATIVIDADE6.X\Comparador.ASM
                  SAI_INT   0x000007    program     static C:\Users\steni\Documents\Nova Pasta (3)\ATIVIDADE6.X\Comparador.ASM



                              Symbols - Sorted by Address
                     Name    Address   Location    Storage File                     
                ---------  ---------  ---------  --------- ---------                
                  SAI_INT   0x000007    program     static C:\Users\steni\Documents\Nova Pasta (3)\ATIVIDADE6.X\Comparador.ASM
                   INICIO   0x00000c    program     static C:\Users\steni\Documents\Nova Pasta (3)\ATIVIDADE6.X\Comparador.ASM
                       C1   0x00001e    program     static C:\Users\steni\Documents\Nova Pasta (3)\ATIVIDADE6.X\Comparador.ASM
                       C2   0x000025    program     static C:\Users\steni\Documents\Nova Pasta (3)\ATIVIDADE6.X\Comparador.ASM
                      FIM   0x00002d    program     static C:\Users\steni\Documents\Nova Pasta (3)\ATIVIDADE6.X\Comparador.ASM


